AR quantization behavioral C:/Users/taravat/Desktop/fpga-project/fpgaProject/final_imageCompression/Quantization.vhd sub00/vhpl11 1595094998
EN filereader NULL C:/Users/taravat/Desktop/fpga-project/fpgaProject/final_imageCompression/FileReader.vhd sub00/vhpl04 1595093117
AR counter behavioral C:/Users/taravat/Desktop/fpga-project/fpgaProject/final_imageCompression/Counter.vhd sub00/vhpl03 1595096047
EN rlc NULL C:/Users/taravat/Desktop/fpga-project/fpgaProject/final_imageCompression/RLC.vhd sub00/vhpl18 1595095001
AR reg behavioral C:/Users/taravat/Desktop/fpga-project/fpgaProject/final_imageCompression/Reg.vhd sub00/vhpl09 1595094996
EN dct NULL C:/Users/taravat/Desktop/fpga-project/fpgaProject/final_imageCompression/DCT.vhd sub00/vhpl06 1595094993
AR file_reader behavioral C:/Users/taravat/Desktop/fpga-project/fpgaProject/final_imageCompression/FileReader.vhd sub00/vhpl23 1595094992
PH pack NULL C:/Users/taravat/Desktop/fpga-project/fpgaProject/final_imageCompression/Pack.vhd sub00/vhpl14 1595094985
AR zigzag behavioral C:/Users/taravat/Desktop/fpga-project/fpgaProject/final_imageCompression/ZigZag.vhd sub00/vhpl17 1595095000
AR dct behavioral C:/Users/taravat/Desktop/fpga-project/fpgaProject/final_imageCompression/DCT.vhd sub00/vhpl07 1595094994
EN quantization NULL C:/Users/taravat/Desktop/fpga-project/fpgaProject/final_imageCompression/Quantization.vhd sub00/vhpl10 1595094997
EN filewriter NULL C:/Users/taravat/Desktop/fpga-project/fpgaProject/final_imageCompression/FileWriter.vhd sub00/vhpl12 1595095003
PB pack pack C:/Users/taravat/Desktop/fpga-project/fpgaProject/final_imageCompression/Pack.vhd sub00/vhpl15 1595094986
EN main NULL C:/Users/taravat/Desktop/fpga-project/fpgaProject/final_imageCompression/main.vhd sub00/vhpl20 1595095005
AR main structural C:/Users/taravat/Desktop/fpga-project/fpgaProject/final_imageCompression/main.vhd sub00/vhpl21 1595095006
EN counter NULL C:/Users/taravat/Desktop/fpga-project/fpgaProject/final_imageCompression/Counter.vhd sub00/vhpl02 1595096046
AR rlc behavioral C:/Users/taravat/Desktop/fpga-project/fpgaProject/final_imageCompression/RLC.vhd sub00/vhpl19 1595095002
EN file_reader NULL C:/Users/taravat/Desktop/fpga-project/fpgaProject/final_imageCompression/FileReader.vhd sub00/vhpl22 1595094991
AR filewriter behavioral C:/Users/taravat/Desktop/fpga-project/fpgaProject/final_imageCompression/FileWriter.vhd sub00/vhpl13 1595095004
AR filereader behavioral C:/Users/taravat/Desktop/fpga-project/fpgaProject/final_imageCompression/FileReader.vhd sub00/vhpl05 1595093118
EN controller NULL C:/Users/taravat/Desktop/fpga-project/fpgaProject/final_imageCompression/Controller.vhd sub00/vhpl00 1595094987
AR controller behavioral C:/Users/taravat/Desktop/fpga-project/fpgaProject/final_imageCompression/Controller.vhd sub00/vhpl01 1595094988
EN reg NULL C:/Users/taravat/Desktop/fpga-project/fpgaProject/final_imageCompression/Reg.vhd sub00/vhpl08 1595094995
EN zigzag NULL C:/Users/taravat/Desktop/fpga-project/fpgaProject/final_imageCompression/ZigZag.vhd sub00/vhpl16 1595094999
