AR quantization behavioral C:/Users/taravat/Desktop/fpga-project/fpgaProject/final_imageCompression/Quantization.vhd sub00/vhpl11 1595153142
EN filereader NULL C:/Users/taravat/Desktop/fpga-project/fpgaProject/final_imageCompression/FileReader.vhd sub00/vhpl04 1595093117
AR counter behavioral C:/Users/taravat/Desktop/fpga-project/fpgaProject/final_imageCompression/Counter.vhd sub00/vhpl03 1595156318
EN rlc NULL C:/Users/taravat/Desktop/fpga-project/fpgaProject/final_imageCompression/RLC.vhd sub00/vhpl18 1595153145
AR reg behavioral C:/Users/taravat/Desktop/fpga-project/fpgaProject/final_imageCompression/Reg.vhd sub00/vhpl09 1595119090
EN dct NULL C:/Users/taravat/Desktop/fpga-project/fpgaProject/final_imageCompression/DCT.vhd sub00/vhpl06 1595153137
AR file_reader behavioral C:/Users/taravat/Desktop/fpga-project/fpgaProject/final_imageCompression/FileReader.vhd sub00/vhpl23 1595153136
PH pack NULL C:/Users/taravat/Desktop/fpga-project/fpgaProject/final_imageCompression/Pack.vhd sub00/vhpl14 1595153129
EN writer NULL C:/Users/taravat/Desktop/fpga-project/fpgaProject/final_imageCompression/Writer.vhd sub00/vhpl26 1595153147
AR zigzag behavioral C:/Users/taravat/Desktop/fpga-project/fpgaProject/final_imageCompression/ZigZag.vhd sub00/vhpl17 1595156970
PH matrix NULL C:/Users/taravat/Desktop/fpga-project/fpgaProject/final_imageCompression/Pack.vhd sub00/vhpl28 1595156967
AR dct behavioral C:/Users/taravat/Desktop/fpga-project/fpgaProject/final_imageCompression/DCT.vhd sub00/vhpl07 1595153138
AR registers behavioral C:/Users/taravat/Desktop/fpga-project/fpgaProject/final_imageCompression/Registers.vhd sub00/vhpl25 1595155009
EN quantization NULL C:/Users/taravat/Desktop/fpga-project/fpgaProject/final_imageCompression/Quantization.vhd sub00/vhpl10 1595153141
EN filewriter NULL C:/Users/taravat/Desktop/fpga-project/fpgaProject/final_imageCompression/FileWriter.vhd sub00/vhpl12 1595095003
PB pack pack C:/Users/taravat/Desktop/fpga-project/fpgaProject/final_imageCompression/Pack.vhd sub00/vhpl15 1595153130
EN main NULL C:/Users/taravat/Desktop/fpga-project/fpgaProject/final_imageCompression/main.vhd sub00/vhpl20 1595153149
PB matrix matrix C:/Users/taravat/Desktop/fpga-project/fpgaProject/final_imageCompression/Pack.vhd sub00/vhpl29 1595156968
AR main structural C:/Users/taravat/Desktop/fpga-project/fpgaProject/final_imageCompression/main.vhd sub00/vhpl21 1595153150
EN counter NULL C:/Users/taravat/Desktop/fpga-project/fpgaProject/final_imageCompression/Counter.vhd sub00/vhpl02 1595156317
AR rlc behavioral C:/Users/taravat/Desktop/fpga-project/fpgaProject/final_imageCompression/RLC.vhd sub00/vhpl19 1595153146
EN file_reader NULL C:/Users/taravat/Desktop/fpga-project/fpgaProject/final_imageCompression/FileReader.vhd sub00/vhpl22 1595153135
AR writer behavioral C:/Users/taravat/Desktop/fpga-project/fpgaProject/final_imageCompression/Writer.vhd sub00/vhpl27 1595153148
AR filewriter behavioral C:/Users/taravat/Desktop/fpga-project/fpgaProject/final_imageCompression/FileWriter.vhd sub00/vhpl13 1595095004
AR filereader behavioral C:/Users/taravat/Desktop/fpga-project/fpgaProject/final_imageCompression/FileReader.vhd sub00/vhpl05 1595093118
EN controller NULL C:/Users/taravat/Desktop/fpga-project/fpgaProject/final_imageCompression/Controller.vhd sub00/vhpl00 1595153131
AR controller behavioral C:/Users/taravat/Desktop/fpga-project/fpgaProject/final_imageCompression/Controller.vhd sub00/vhpl01 1595153132
EN reg NULL C:/Users/taravat/Desktop/fpga-project/fpgaProject/final_imageCompression/Reg.vhd sub00/vhpl08 1595119089
EN registers NULL C:/Users/taravat/Desktop/fpga-project/fpgaProject/final_imageCompression/Registers.vhd sub00/vhpl24 1595155008
EN zigzag NULL C:/Users/taravat/Desktop/fpga-project/fpgaProject/final_imageCompression/ZigZag.vhd sub00/vhpl16 1595156969
