AR quantization behavioral C:/Users/taravat/Desktop/fpga-project/fpgaProject/final_imageCompression/Quantization.vhd sub00/vhpl11 1595237109
EN filereader NULL C:/Users/taravat/Desktop/fpga-project/fpgaProject/final_imageCompression/FileReader.vhd sub00/vhpl04 1595093117
AR counter behavioral C:/Users/taravat/Desktop/fpga-project/fpgaProject/final_imageCompression/Counter.vhd sub00/vhpl03 1595237101
EN rlc NULL C:/Users/taravat/Desktop/fpga-project/fpgaProject/final_imageCompression/RLC.vhd sub00/vhpl18 1595237112
AR reg behavioral C:/Users/taravat/Desktop/fpga-project/fpgaProject/final_imageCompression/Reg.vhd sub00/vhpl09 1595094996
EN dct NULL C:/Users/taravat/Desktop/fpga-project/fpgaProject/final_imageCompression/DCT.vhd sub00/vhpl06 1595237104
AR file_reader behavioral C:/Users/taravat/Desktop/fpga-project/fpgaProject/final_imageCompression/FileReader.vhd sub00/vhpl23 1595237103
PH pack NULL C:/Users/taravat/Desktop/fpga-project/fpgaProject/final_imageCompression/Pack.vhd sub00/vhpl14 1595197503
EN writer NULL C:/Users/taravat/Desktop/fpga-project/fpgaProject/final_imageCompression/Writer.vhd sub00/vhpl26 1595237114
AR zigzag behavioral C:/Users/taravat/Desktop/fpga-project/fpgaProject/final_imageCompression/ZigZag.vhd sub00/vhpl17 1595237111
PH matrix NULL C:/Users/taravat/Desktop/fpga-project/fpgaProject/final_imageCompression/matrix.vhd sub00/vhpl28 1595237096
AR dct behavioral C:/Users/taravat/Desktop/fpga-project/fpgaProject/final_imageCompression/DCT.vhd sub00/vhpl07 1595237105
AR registers behavioral C:/Users/taravat/Desktop/fpga-project/fpgaProject/final_imageCompression/Registers.vhd sub00/vhpl25 1595237107
EN quantization NULL C:/Users/taravat/Desktop/fpga-project/fpgaProject/final_imageCompression/Quantization.vhd sub00/vhpl10 1595237108
EN filewriter NULL C:/Users/taravat/Desktop/fpga-project/fpgaProject/final_imageCompression/FileWriter.vhd sub00/vhpl12 1595095003
PB pack pack C:/Users/taravat/Desktop/fpga-project/fpgaProject/final_imageCompression/Pack.vhd sub00/vhpl15 1595197504
EN main NULL C:/Users/taravat/Desktop/fpga-project/fpgaProject/final_imageCompression/main.vhd sub00/vhpl20 1595237116
PB matrix matrix C:/Users/taravat/Desktop/fpga-project/fpgaProject/final_imageCompression/matrix.vhd sub00/vhpl29 1595237097
AR main structural C:/Users/taravat/Desktop/fpga-project/fpgaProject/final_imageCompression/main.vhd sub00/vhpl21 1595237117
EN counter NULL C:/Users/taravat/Desktop/fpga-project/fpgaProject/final_imageCompression/Counter.vhd sub00/vhpl02 1595237100
AR rlc behavioral C:/Users/taravat/Desktop/fpga-project/fpgaProject/final_imageCompression/RLC.vhd sub00/vhpl19 1595237113
EN file_reader NULL C:/Users/taravat/Desktop/fpga-project/fpgaProject/final_imageCompression/FileReader.vhd sub00/vhpl22 1595237102
AR writer behavioral C:/Users/taravat/Desktop/fpga-project/fpgaProject/final_imageCompression/Writer.vhd sub00/vhpl27 1595237115
AR filewriter behavioral C:/Users/taravat/Desktop/fpga-project/fpgaProject/final_imageCompression/FileWriter.vhd sub00/vhpl13 1595095004
AR filereader behavioral C:/Users/taravat/Desktop/fpga-project/fpgaProject/final_imageCompression/FileReader.vhd sub00/vhpl05 1595093118
EN controller NULL C:/Users/taravat/Desktop/fpga-project/fpgaProject/final_imageCompression/Controller.vhd sub00/vhpl00 1595237098
AR controller behavioral C:/Users/taravat/Desktop/fpga-project/fpgaProject/final_imageCompression/Controller.vhd sub00/vhpl01 1595237099
EN reg NULL C:/Users/taravat/Desktop/fpga-project/fpgaProject/final_imageCompression/Reg.vhd sub00/vhpl08 1595094995
EN registers NULL C:/Users/taravat/Desktop/fpga-project/fpgaProject/final_imageCompression/Registers.vhd sub00/vhpl24 1595237106
EN zigzag NULL C:/Users/taravat/Desktop/fpga-project/fpgaProject/final_imageCompression/ZigZag.vhd sub00/vhpl16 1595237110
