V3 46
FL C:/Users/taravat/Desktop/fpga-project/fpgaProject/final_imageCompression/Controller.vhd 2019/07/11.13:14:24 P.20131013
EN work/Controller 1595117275 \
      FL C:/Users/taravat/Desktop/fpga-project/fpgaProject/final_imageCompression/Controller.vhd \
      PB ieee/std_logic_1164 1381692176
AR work/Controller/Behavioral 1595117276 \
      FL C:/Users/taravat/Desktop/fpga-project/fpgaProject/final_imageCompression/Controller.vhd \
      EN work/Controller 1595117275
FL C:/Users/taravat/Desktop/fpga-project/fpgaProject/final_imageCompression/Counter.vhd 2020/07/18.22:43:30 P.20131013
EN work/Counter 1595117277 \
      FL C:/Users/taravat/Desktop/fpga-project/fpgaProject/final_imageCompression/Counter.vhd \
      PB ieee/std_logic_1164 1381692176 PB ieee/NUMERIC_STD 1381692181 \
      PB ieee/STD_LOGIC_UNSIGNED 1381692179
AR work/Counter/Behavioral 1595117278 \
      FL C:/Users/taravat/Desktop/fpga-project/fpgaProject/final_imageCompression/Counter.vhd \
      EN work/Counter 1595117277
FL C:/Users/taravat/Desktop/fpga-project/fpgaProject/final_imageCompression/DCT.vhd 2020/07/18.22:07:03 P.20131013
EN work/DCT 1595117281 \
      FL C:/Users/taravat/Desktop/fpga-project/fpgaProject/final_imageCompression/DCT.vhd \
      PB ieee/std_logic_1164 1381692176 PB ieee/std_logic_arith 1381692177 \
      PB ieee/STD_LOGIC_SIGNED 1381692178 PB ieee/NUMERIC_STD 1381692181
AR work/DCT/Behavioral 1595117282 \
      FL C:/Users/taravat/Desktop/fpga-project/fpgaProject/final_imageCompression/DCT.vhd \
      EN work/DCT 1595117281
FL C:/Users/taravat/Desktop/fpga-project/fpgaProject/final_imageCompression/FileReader.vhd 2020/07/18.22:03:15 P.20131013
EN work/file_reader 1595117279 \
      FL C:/Users/taravat/Desktop/fpga-project/fpgaProject/final_imageCompression/FileReader.vhd \
      PB ieee/std_logic_1164 1381692176 PB ieee/std_logic_arith 1381692177 \
      PB ieee/STD_LOGIC_SIGNED 1381692178 PB std/TEXTIO 1381692176
AR work/file_reader/Behavioral 1595117280 \
      FL C:/Users/taravat/Desktop/fpga-project/fpgaProject/final_imageCompression/FileReader.vhd \
      EN work/file_reader 1595117279
FL C:/Users/taravat/Desktop/fpga-project/fpgaProject/final_imageCompression/FileWriter.vhd 2019/07/10.22:22:40 P.20131013
EN work/FileWriter 1595117291 \
      FL C:/Users/taravat/Desktop/fpga-project/fpgaProject/final_imageCompression/FileWriter.vhd \
      PB ieee/std_logic_1164 1381692176 PB ieee/std_logic_arith 1381692177 \
      PB ieee/STD_LOGIC_SIGNED 1381692178 PB std/TEXTIO 1381692176
AR work/FileWriter/Behavioral 1595117292 \
      FL C:/Users/taravat/Desktop/fpga-project/fpgaProject/final_imageCompression/FileWriter.vhd \
      EN work/FileWriter 1595117291
FL C:/Users/taravat/Desktop/fpga-project/fpgaProject/final_imageCompression/main.vhd 2020/07/19.04:36:16 P.20131013
EN work/main 1595117293 \
      FL C:/Users/taravat/Desktop/fpga-project/fpgaProject/final_imageCompression/main.vhd \
      PB ieee/std_logic_1164 1381692176 PB work/Pack 1595117274
AR work/main/structural 1595117294 \
      FL C:/Users/taravat/Desktop/fpga-project/fpgaProject/final_imageCompression/main.vhd \
      EN work/main 1595117293 CP Controller CP Counter CP file_reader CP DCT CP Reg \
      CP Quantization CP ZigZag CP RLC CP FileWriter
FL C:/Users/taravat/Desktop/fpga-project/fpgaProject/final_imageCompression/Pack.vhd 2019/07/10.17:08:54 P.20131013
PH work/Pack 1595117273 \
      FL C:/Users/taravat/Desktop/fpga-project/fpgaProject/final_imageCompression/Pack.vhd \
      PB ieee/std_logic_1164 1381692176
PB work/Pack 1595117274 \
      FL C:/Users/taravat/Desktop/fpga-project/fpgaProject/final_imageCompression/Pack.vhd \
      PH work/Pack 1595117273
FL C:/Users/taravat/Desktop/fpga-project/fpgaProject/final_imageCompression/Quantization.vhd 2020/07/18.22:18:27 P.20131013
EN work/Quantization 1595117285 \
      FL C:/Users/taravat/Desktop/fpga-project/fpgaProject/final_imageCompression/Quantization.vhd \
      PB ieee/std_logic_1164 1381692176 PB ieee/std_logic_arith 1381692177 \
      PB ieee/STD_LOGIC_SIGNED 1381692178 PB ieee/NUMERIC_STD 1381692181
AR work/Quantization/Behavioral 1595117286 \
      FL C:/Users/taravat/Desktop/fpga-project/fpgaProject/final_imageCompression/Quantization.vhd \
      EN work/Quantization 1595117285
FL C:/Users/taravat/Desktop/fpga-project/fpgaProject/final_imageCompression/Reg.vhd 2019/07/04.18:18:40 P.20131013
EN work/Reg 1595117283 \
      FL C:/Users/taravat/Desktop/fpga-project/fpgaProject/final_imageCompression/Reg.vhd \
      PB ieee/std_logic_1164 1381692176 PB ieee/NUMERIC_STD 1381692181
AR work/Reg/Behavioral 1595117284 \
      FL C:/Users/taravat/Desktop/fpga-project/fpgaProject/final_imageCompression/Reg.vhd \
      EN work/Reg 1595117283
FL C:/Users/taravat/Desktop/fpga-project/fpgaProject/final_imageCompression/RLC.vhd 2019/07/11.22:36:11 P.20131013
EN work/RLC 1595117289 \
      FL C:/Users/taravat/Desktop/fpga-project/fpgaProject/final_imageCompression/RLC.vhd \
      PB ieee/std_logic_1164 1381692176 PB ieee/std_logic_arith 1381692177 \
      PB ieee/STD_LOGIC_UNSIGNED 1381692179 PB work/Pack 1595117274
AR work/RLC/Behavioral 1595117290 \
      FL C:/Users/taravat/Desktop/fpga-project/fpgaProject/final_imageCompression/RLC.vhd \
      EN work/RLC 1595117289
FL C:/Users/taravat/Desktop/fpga-project/fpgaProject/final_imageCompression/ZigZag.vhd 2019/07/11.22:13:59 P.20131013
EN work/ZigZag 1595117287 \
      FL C:/Users/taravat/Desktop/fpga-project/fpgaProject/final_imageCompression/ZigZag.vhd \
      PB ieee/std_logic_1164 1381692176 PB work/Pack 1595117274
AR work/ZigZag/Behavioral 1595117288 \
      FL C:/Users/taravat/Desktop/fpga-project/fpgaProject/final_imageCompression/ZigZag.vhd \
      EN work/ZigZag 1595117287
EN work/main_TestBench 0 \
      FL C:/Users/taravat/Desktop/fpga-project/ilkhani/main_TestBench.vhd \
      PB ieee/std_logic_1164 1381692176
AR work/main_TestBench/behavior 0 \
      FL C:/Users/taravat/Desktop/fpga-project/ilkhani/main_TestBench.vhd \
      EN work/main_TestBench 0 CP main
