AR quantization behavioral C:/Users/taravat/Desktop/fpga-project/fpgaProject/imageCompression/quantization.vhd sub00/vhpl09 1595082010
AR counter behavioral C:/Users/taravat/Desktop/fpga-project/fpgaProject/imageCompression/counter.vhd sub00/vhpl11 1595083619
AR reg behavioral C:/Users/taravat/Desktop/fpga-project/fpgaProject/imageCompression/reg.vhd sub00/vhpl07 1594937437
EN dct NULL C:/Users/taravat/Desktop/fpga-project/fpgaProject/imageCompression/DCT.vhd sub00/vhpl04 1594937116
AR file_reader behavioral C:/Users/taravat/Desktop/fpga-project/fpgaProject/imageCompression/file_reader.vhd sub00/vhpl01 1591902383
PH matrix NULL C:/Users/taravat/Desktop/fpga-project/fpgaProject/imageCompression/matrix.vhd sub00/vhpl02 1594937434
AR dct behavioral C:/Users/taravat/Desktop/fpga-project/fpgaProject/imageCompression/DCT.vhd sub00/vhpl05 1594937117
EN quantization NULL C:/Users/taravat/Desktop/fpga-project/fpgaProject/imageCompression/quantization.vhd sub00/vhpl08 1595082009
AR reg8_8 behavioral C:/Users/taravat/Desktop/fpga-project/fpgaProject/imageCompression/reg.vhd sub00/vhpl13 1594937161
PB matrix matrix C:/Users/taravat/Desktop/fpga-project/fpgaProject/imageCompression/matrix.vhd sub00/vhpl03 1594937435
EN counter NULL C:/Users/taravat/Desktop/fpga-project/fpgaProject/imageCompression/counter.vhd sub00/vhpl10 1595083618
EN file_reader NULL C:/Users/taravat/Desktop/fpga-project/fpgaProject/imageCompression/file_reader.vhd sub00/vhpl00 1591902382
EN reg8_8 NULL C:/Users/taravat/Desktop/fpga-project/fpgaProject/imageCompression/reg.vhd sub00/vhpl12 1594937160
EN reg NULL C:/Users/taravat/Desktop/fpga-project/fpgaProject/imageCompression/reg.vhd sub00/vhpl06 1594937436
