AR quantization behavioral C:/Users/taravat/Desktop/fpga-project/fpgaProject/imageCompression/quantization.vhd sub00/vhpl09 1594752505
AR reg behavioral C:/Users/taravat/Desktop/fpga-project/fpgaProject/imageCompression/register.vhd sub00/vhpl07 1594737371
EN dct NULL C:/Users/taravat/Desktop/fpga-project/fpgaProject/imageCompression/DCT.vhd sub00/vhpl04 1594931548
AR file_reader behavioral C:/Users/taravat/Desktop/fpga-project/fpgaProject/imageCompression/file_reader.vhd sub00/vhpl01 1591902383
PH matrix NULL C:/Users/taravat/Desktop/fpga-project/fpgaProject/imageCompression/matrix.vhd sub00/vhpl02 1594931546
AR dct behavioral C:/Users/taravat/Desktop/fpga-project/fpgaProject/imageCompression/DCT.vhd sub00/vhpl05 1594931549
EN quantization NULL C:/Users/taravat/Desktop/fpga-project/fpgaProject/imageCompression/quantization.vhd sub00/vhpl08 1594752504
PB matrix matrix C:/Users/taravat/Desktop/fpga-project/fpgaProject/imageCompression/matrix.vhd sub00/vhpl03 1594931547
EN file_reader NULL C:/Users/taravat/Desktop/fpga-project/fpgaProject/imageCompression/file_reader.vhd sub00/vhpl00 1591902382
EN reg NULL C:/Users/taravat/Desktop/fpga-project/fpgaProject/imageCompression/register.vhd sub00/vhpl06 1594737370
