V3 9
FL C:/Users/taravat/Desktop/fpga-project/fpgaProject/imageCompression/DCT.vhd 2020/06/12.01:36:32 P.20131013
EN work/DCT 1591909605 \
      FL C:/Users/taravat/Desktop/fpga-project/fpgaProject/imageCompression/DCT.vhd \
      PB ieee/std_logic_1164 1381692176 PB ieee/std_logic_arith 1381692177 \
      PB ieee/STD_LOGIC_SIGNED 1381692178 PB ieee/NUMERIC_STD 1381692181 \
      PB std/TEXTIO 1381692176 PB work/matrix 1591909604
AR work/DCT/Behavioral 1591909606 \
      FL C:/Users/taravat/Desktop/fpga-project/fpgaProject/imageCompression/DCT.vhd \
      EN work/DCT 1591909605
FL C:/Users/taravat/Desktop/fpga-project/fpgaProject/imageCompression/file_reader.vhd 2020/06/11.23:36:17 P.20131013
EN work/file_reader 1591902382 \
      FL C:/Users/taravat/Desktop/fpga-project/fpgaProject/imageCompression/file_reader.vhd \
      PB ieee/std_logic_1164 1381692176 PB ieee/std_logic_arith 1381692177 \
      PB ieee/STD_LOGIC_SIGNED 1381692178 PB std/TEXTIO 1381692176 PB work/matrix 1591909604
AR work/file_reader/Behavioral 1591902383 \
      FL C:/Users/taravat/Desktop/fpga-project/fpgaProject/imageCompression/file_reader.vhd \
      EN work/file_reader 1591902382
FL C:/Users/taravat/Desktop/fpga-project/fpgaProject/imageCompression/matrix.vhd 2020/06/12.01:36:33 P.20131013
PH work/matrix 1591909603 \
      FL C:/Users/taravat/Desktop/fpga-project/fpgaProject/imageCompression/matrix.vhd \
      PB ieee/std_logic_1164 1381692176
PB work/matrix 1591909604 \
      FL C:/Users/taravat/Desktop/fpga-project/fpgaProject/imageCompression/matrix.vhd \
      PH work/matrix 1591909603
